// Vitest Snapshot v1, https://vitest.dev/guide/snapshot.html

exports[`Footer snapshot > matches snapshot 1`] = `
<footer
  class="border-t border-border"
>
  <div
    class="container py-6"
  >
    <p
      class="text-xs text-muted-foreground"
    >
      © 
      2026
       
      Test App
    </p>
  </div>
</footer>
`;
